src/modules/accommodation/accommodation.repository.ts(15,3): error TS2305: Module '"./accommodation.dto"' has no exported member 'AddUnitDto'.
src/modules/accommodation/accommodation.repository.ts(16,3): error TS2305: Module '"./accommodation.dto"' has no exported member 'CreateAccommodationCompleteDto'.
src/modules/accommodation/accommodation.repository.ts(17,3): error TS2305: Module '"./accommodation.dto"' has no exported member 'InventoryDateRangeDto'.
src/modules/accommodation/accommodation.repository.ts(18,3): error TS2305: Module '"./accommodation.dto"' has no exported member 'UpdatePropertyDto'.
src/modules/accommodation/accommodation.repository.ts(47,3): error TS2322: Type '{ maxGuests: number | undefined; bedConfigurations: { bedType: "twin" | "full" | "queen" | "king" | "sofa" | "bunk" | "futon"; count: number; }[]; name: string; excludeInfants: boolean; roomType: string | null; ... 15 more ...; id?: string | undefined; }[]' is not assignable to type '{ [x: string]: unknown; name: string; maxGuests: number | null; excludeInfants: boolean; roomType: string | null; cribsAvailable: boolean | null; bathrooms: number | null; isBathroomPrivate: boolean | null; ... 13 more ...; id?: string | undefined; }[]'.
  Type '{ maxGuests: number | undefined; bedConfigurations: { bedType: "twin" | "full" | "queen" | "king" | "sofa" | "bunk" | "futon"; count: number; }[]; name: string; excludeInfants: boolean; roomType: string | null; ... 15 more ...; id?: string | undefined; }' is not assignable to type '{ [x: string]: unknown; name: string; maxGuests: number | null; excludeInfants: boolean; roomType: string | null; cribsAvailable: boolean | null; bathrooms: number | null; isBathroomPrivate: boolean | null; ... 13 more ...; id?: string | undefined; }'.
    Types of property 'maxGuests' are incompatible.
      Type 'number | undefined' is not assignable to type 'number | null'.
        Type 'undefined' is not assignable to type 'number | null'.
src/modules/accommodation/accommodation.routes.ts(5,3): error TS2724: '"./accommodation.dto"' has no exported member named 'addUnitSchema'. Did you mean 'baseUnitSchema'?
src/modules/accommodation/accommodation.routes.ts(7,3): error TS2724: '"./accommodation.dto"' has no exported member named 'createAccommodationCompleteSchema'. Did you mean 'createAccommodationSchema'?
src/modules/accommodation/accommodation.service.ts(2,3): error TS2305: Module '"./accommodation.dto"' has no exported member 'AddUnitDto'.
src/modules/accommodation/accommodation.service.ts(3,3): error TS2305: Module '"./accommodation.dto"' has no exported member 'BulkInventoryUpdateDto'.
src/modules/accommodation/accommodation.service.ts(4,3): error TS2305: Module '"./accommodation.dto"' has no exported member 'CreateAccommodationCompleteDto'.
src/modules/accommodation/accommodation.service.ts(5,3): error TS2305: Module '"./accommodation.dto"' has no exported member 'UpdatePropertyDto'.
src/modules/accommodation/accommodation.service.ts(6,3): error TS2305: Module '"./accommodation.dto"' has no exported member 'ViewPropertyDto'.
src/modules/accommodation/accommodation.service.ts(7,3): error TS2305: Module '"./accommodation.dto"' has no exported member 'ViewPropertyListDto'.
src/modules/accommodation/accommodation.service.ts(102,44): error TS7006: Parameter 'u' implicitly has an 'any' type.
src/modules/public-deals/public-deals.repository.ts(178,39): error TS2339: Property 'country' does not exist on type '{ merchant: { id: string; businessName: string; logoUrl: string | null; }; images: { id: string; propertyId: string; url: string; }[]; units: { pricePerNight: number | null; localPrice: number | null; nonLocalPrice: number | null; }[]; } & { ...; }'.
